mode: set
microdashboard/internal/config/config.go:18.21,28.2 1 1
microdashboard/internal/config/config.go:30.44,31.34 1 1
microdashboard/internal/config/config.go:31.34,33.3 1 1
microdashboard/internal/config/config.go:34.2,34.19 1 1
microdashboard/internal/config/config.go:37.75,38.34 1 1
microdashboard/internal/config/config.go:38.34,39.50 1 1
microdashboard/internal/config/config.go:39.50,41.4 1 1
microdashboard/internal/config/config.go:43.2,43.19 1 1
microdashboard/internal/dashboard/dashboard.go:68.44,69.16 1 1
microdashboard/internal/dashboard/dashboard.go:69.16,71.3 1 1
microdashboard/internal/dashboard/dashboard.go:72.2,72.18 1 1
microdashboard/internal/dashboard/dashboard.go:72.18,74.3 1 1
microdashboard/internal/dashboard/dashboard.go:75.2,75.18 1 1
microdashboard/internal/dashboard/dashboard.go:75.18,77.3 1 1
microdashboard/internal/dashboard/dashboard.go:78.2,78.19 1 1
microdashboard/internal/dashboard/dashboard.go:78.19,80.3 1 1
microdashboard/internal/dashboard/dashboard.go:81.2,81.28 1 1
microdashboard/internal/dashboard/dashboard.go:81.28,83.3 1 1
microdashboard/internal/dashboard/dashboard.go:84.2,84.25 1 1
microdashboard/internal/dashboard/dashboard.go:84.25,86.3 1 1
microdashboard/internal/dashboard/dashboard.go:87.2,87.30 1 1
microdashboard/internal/dashboard/dashboard.go:87.30,88.17 1 1
microdashboard/internal/dashboard/dashboard.go:88.17,90.4 1 0
microdashboard/internal/dashboard/dashboard.go:91.3,91.32 1 1
microdashboard/internal/dashboard/dashboard.go:91.32,93.4 1 1
microdashboard/internal/dashboard/dashboard.go:94.3,94.25 1 1
microdashboard/internal/dashboard/dashboard.go:94.25,96.4 1 1
microdashboard/internal/dashboard/dashboard.go:98.3,98.43 1 1
microdashboard/internal/dashboard/dashboard.go:98.43,100.4 1 1
microdashboard/internal/dashboard/dashboard.go:102.2,102.12 1 1
microdashboard/internal/dashboard/dashboard.go:106.75,116.30 2 1
microdashboard/internal/dashboard/dashboard.go:116.30,118.17 2 1
microdashboard/internal/dashboard/dashboard.go:118.17,132.12 2 1
microdashboard/internal/dashboard/dashboard.go:134.3,145.4 1 1
microdashboard/internal/dashboard/dashboard.go:147.2,147.22 1 1
microdashboard/internal/dashboard/dashboard.go:159.92,161.23 2 1
microdashboard/internal/dashboard/dashboard.go:161.23,163.3 1 1
microdashboard/internal/dashboard/dashboard.go:166.2,170.32 4 1
microdashboard/internal/dashboard/dashboard.go:170.32,175.22 4 1
microdashboard/internal/dashboard/dashboard.go:175.22,176.12 1 0
microdashboard/internal/dashboard/dashboard.go:179.3,187.17 7 1
microdashboard/internal/dashboard/dashboard.go:188.18,189.59 1 1
microdashboard/internal/dashboard/dashboard.go:190.17,191.58 1 0
microdashboard/internal/dashboard/dashboard.go:192.11,193.50 1 0
microdashboard/internal/dashboard/dashboard.go:196.3,196.17 1 1
microdashboard/internal/dashboard/dashboard.go:196.17,198.4 1 1
microdashboard/internal/dashboard/dashboard.go:201.3,205.23 3 1
microdashboard/internal/dashboard/dashboard.go:205.23,207.4 1 0
microdashboard/internal/dashboard/dashboard.go:207.9,207.55 1 1
microdashboard/internal/dashboard/dashboard.go:207.55,209.4 1 0
microdashboard/internal/dashboard/dashboard.go:212.2,212.42 1 1
microdashboard/internal/dashboard/dashboard.go:215.90,217.16 2 1
microdashboard/internal/dashboard/dashboard.go:217.16,219.3 1 1
microdashboard/internal/dashboard/dashboard.go:220.2,220.25 1 1
microdashboard/internal/dashboard/dashboard.go:220.25,222.3 1 0
microdashboard/internal/dashboard/dashboard.go:223.2,226.50 4 1
microdashboard/internal/dashboard/dashboard.go:226.50,228.3 1 0
microdashboard/internal/dashboard/dashboard.go:228.8,228.34 1 1
microdashboard/internal/dashboard/dashboard.go:228.34,230.3 1 0
microdashboard/internal/dashboard/dashboard.go:231.2,231.31 1 1
microdashboard/internal/dashboard/dashboard.go:234.86,237.21 2 0
microdashboard/internal/dashboard/dashboard.go:237.21,239.3 1 0
microdashboard/internal/dashboard/dashboard.go:240.2,245.37 4 0
microdashboard/internal/dashboard/dashboard.go:245.37,247.3 1 0
microdashboard/internal/dashboard/dashboard.go:248.2,254.29 4 0
microdashboard/internal/store/store.go:15.31,17.16 2 1
microdashboard/internal/store/store.go:17.16,19.3 1 0
microdashboard/internal/store/store.go:20.2,20.23 1 1
microdashboard/internal/store/store.go:23.25,25.2 1 1
microdashboard/internal/store/store.go:29.30,31.2 1 0
microdashboard/internal/store/store.go:33.33,76.4 5 1
microdashboard/internal/store/store.go:76.4,77.41 1 1
microdashboard/internal/store/store.go:77.41,79.4 1 0
microdashboard/internal/store/store.go:81.2,81.12 1 1
microdashboard/internal/store/store.go:86.86,88.24 2 1
microdashboard/internal/store/store.go:88.24,92.3 2 0
microdashboard/internal/store/store.go:93.2,95.12 2 1
microdashboard/internal/store/store.go:98.64,102.26 4 0
microdashboard/internal/store/store.go:102.26,104.3 1 0
microdashboard/internal/store/store.go:105.2,105.16 1 0
microdashboard/internal/store/store.go:105.16,107.3 1 0
microdashboard/internal/store/store.go:108.2,108.15 1 0
microdashboard/internal/store/store.go:112.64,116.26 4 0
microdashboard/internal/store/store.go:116.26,118.3 1 0
microdashboard/internal/store/store.go:119.2,119.16 1 0
microdashboard/internal/store/store.go:119.16,121.3 1 0
microdashboard/internal/store/store.go:122.2,122.15 1 0
microdashboard/internal/store/store.go:134.105,139.2 3 0
microdashboard/internal/store/store.go:141.64,145.26 4 0
microdashboard/internal/store/store.go:145.26,147.3 1 0
microdashboard/internal/store/store.go:148.2,148.16 1 0
microdashboard/internal/store/store.go:148.16,150.3 1 0
microdashboard/internal/store/store.go:151.2,151.15 1 0
microdashboard/internal/store/store.go:154.50,157.2 2 0
microdashboard/internal/store/store.go:171.74,176.2 3 1
microdashboard/internal/store/store.go:178.60,182.26 4 1
microdashboard/internal/store/store.go:182.26,184.3 1 1
microdashboard/internal/store/store.go:185.2,185.16 1 1
microdashboard/internal/store/store.go:185.16,187.3 1 0
microdashboard/internal/store/store.go:188.2,188.15 1 1
microdashboard/internal/store/store.go:191.56,193.16 2 0
microdashboard/internal/store/store.go:193.16,195.3 1 0
microdashboard/internal/store/store.go:196.2,198.18 3 0
microdashboard/internal/store/store.go:198.18,200.122 2 0
microdashboard/internal/store/store.go:200.122,202.4 1 0
microdashboard/internal/store/store.go:203.3,203.31 1 0
microdashboard/internal/store/store.go:205.2,205.21 1 0
microdashboard/internal/store/store.go:208.83,212.2 3 1
microdashboard/internal/store/store.go:226.97,231.2 3 1
microdashboard/internal/store/store.go:233.60,235.16 2 0
microdashboard/internal/store/store.go:235.16,237.3 1 0
microdashboard/internal/store/store.go:238.2,240.18 3 0
microdashboard/internal/store/store.go:240.18,242.121 2 0
microdashboard/internal/store/store.go:242.121,244.4 1 0
microdashboard/internal/store/store.go:245.3,245.31 1 0
microdashboard/internal/store/store.go:247.2,247.21 1 0
microdashboard/internal/store/store.go:250.85,255.16 2 0
microdashboard/internal/store/store.go:255.16,257.3 1 0
microdashboard/internal/store/store.go:258.2,260.18 3 0
microdashboard/internal/store/store.go:260.18,262.121 2 0
microdashboard/internal/store/store.go:262.121,264.4 1 0
microdashboard/internal/store/store.go:265.3,265.31 1 0
microdashboard/internal/store/store.go:267.2,267.21 1 0
microdashboard/internal/store/store.go:280.40,283.2 1 0
microdashboard/internal/store/store.go:297.62,299.16 2 0
microdashboard/internal/store/store.go:299.16,301.3 1 0
microdashboard/internal/store/store.go:302.2,305.18 3 0
microdashboard/internal/store/store.go:305.18,308.116 3 0
microdashboard/internal/store/store.go:308.116,310.4 1 0
microdashboard/internal/store/store.go:311.3,314.31 4 0
microdashboard/internal/store/store.go:316.2,316.21 1 0
microdashboard/internal/store/store.go:325.56,327.16 2 0
microdashboard/internal/store/store.go:327.16,329.3 1 0
microdashboard/internal/store/store.go:330.2,333.18 3 0
microdashboard/internal/store/store.go:333.18,335.78 2 0
microdashboard/internal/store/store.go:335.78,337.4 1 0
microdashboard/internal/store/store.go:338.3,338.31 1 0
microdashboard/internal/store/store.go:340.2,340.21 1 0
microdashboard/internal/store/store.go:343.53,346.2 2 0
microdashboard/internal/store/store.go:348.75,351.2 2 0
microdashboard/internal/store/store.go:363.58,365.16 2 0
microdashboard/internal/store/store.go:365.16,367.3 1 0
microdashboard/internal/store/store.go:368.2,371.18 3 0
microdashboard/internal/store/store.go:371.18,373.122 2 0
microdashboard/internal/store/store.go:373.122,375.4 1 0
microdashboard/internal/store/store.go:376.3,376.31 1 0
microdashboard/internal/store/store.go:378.2,378.21 1 0
microdashboard/internal/store/store.go:381.48,384.2 2 0
microdashboard/internal/auth/auth.go:15.32,17.2 1 1
microdashboard/internal/auth/auth.go:19.60,20.75 1 1
microdashboard/internal/auth/auth.go:20.75,22.16 2 1
microdashboard/internal/auth/auth.go:22.16,25.4 2 1
microdashboard/internal/auth/auth.go:27.3,28.17 2 1
microdashboard/internal/auth/auth.go:28.17,31.4 2 1
microdashboard/internal/auth/auth.go:33.3,34.30 2 1
microdashboard/internal/auth/auth.go:38.61,39.75 1 1
microdashboard/internal/auth/auth.go:39.75,41.39 2 1
microdashboard/internal/auth/auth.go:41.39,44.4 2 1
microdashboard/internal/auth/auth.go:45.3,45.13 1 1
microdashboard/internal/auth/auth.go:49.66,52.2 2 1
microdashboard/internal/store/store.go:15.31,17.16 2 1
microdashboard/internal/store/store.go:17.16,19.3 1 0
microdashboard/internal/store/store.go:20.2,20.23 1 1
microdashboard/internal/store/store.go:23.25,25.2 1 1
microdashboard/internal/store/store.go:29.30,31.2 1 0
microdashboard/internal/store/store.go:33.33,76.4 5 1
microdashboard/internal/store/store.go:76.4,77.41 1 1
microdashboard/internal/store/store.go:77.41,79.4 1 0
microdashboard/internal/store/store.go:81.2,81.12 1 1
microdashboard/internal/store/store.go:86.86,88.24 2 1
microdashboard/internal/store/store.go:88.24,92.3 2 0
microdashboard/internal/store/store.go:93.2,95.12 2 1
microdashboard/internal/store/store.go:98.64,102.26 4 0
microdashboard/internal/store/store.go:102.26,104.3 1 0
microdashboard/internal/store/store.go:105.2,105.16 1 0
microdashboard/internal/store/store.go:105.16,107.3 1 0
microdashboard/internal/store/store.go:108.2,108.15 1 0
microdashboard/internal/store/store.go:112.64,116.26 4 1
microdashboard/internal/store/store.go:116.26,118.3 1 1
microdashboard/internal/store/store.go:119.2,119.16 1 1
microdashboard/internal/store/store.go:119.16,121.3 1 0
microdashboard/internal/store/store.go:122.2,122.15 1 1
microdashboard/internal/store/store.go:134.105,139.2 3 0
microdashboard/internal/store/store.go:141.64,145.26 4 0
microdashboard/internal/store/store.go:145.26,147.3 1 0
microdashboard/internal/store/store.go:148.2,148.16 1 0
microdashboard/internal/store/store.go:148.16,150.3 1 0
microdashboard/internal/store/store.go:151.2,151.15 1 0
microdashboard/internal/store/store.go:154.50,157.2 2 0
microdashboard/internal/store/store.go:171.74,176.2 3 0
microdashboard/internal/store/store.go:178.60,182.26 4 0
microdashboard/internal/store/store.go:182.26,184.3 1 0
microdashboard/internal/store/store.go:185.2,185.16 1 0
microdashboard/internal/store/store.go:185.16,187.3 1 0
microdashboard/internal/store/store.go:188.2,188.15 1 0
microdashboard/internal/store/store.go:191.56,193.16 2 0
microdashboard/internal/store/store.go:193.16,195.3 1 0
microdashboard/internal/store/store.go:196.2,198.18 3 0
microdashboard/internal/store/store.go:198.18,200.122 2 0
microdashboard/internal/store/store.go:200.122,202.4 1 0
microdashboard/internal/store/store.go:203.3,203.31 1 0
microdashboard/internal/store/store.go:205.2,205.21 1 0
microdashboard/internal/store/store.go:208.83,212.2 3 0
microdashboard/internal/store/store.go:226.97,231.2 3 0
microdashboard/internal/store/store.go:233.60,235.16 2 0
microdashboard/internal/store/store.go:235.16,237.3 1 0
microdashboard/internal/store/store.go:238.2,240.18 3 0
microdashboard/internal/store/store.go:240.18,242.121 2 0
microdashboard/internal/store/store.go:242.121,244.4 1 0
microdashboard/internal/store/store.go:245.3,245.31 1 0
microdashboard/internal/store/store.go:247.2,247.21 1 0
microdashboard/internal/store/store.go:250.85,255.16 2 0
microdashboard/internal/store/store.go:255.16,257.3 1 0
microdashboard/internal/store/store.go:258.2,260.18 3 0
microdashboard/internal/store/store.go:260.18,262.121 2 0
microdashboard/internal/store/store.go:262.121,264.4 1 0
microdashboard/internal/store/store.go:265.3,265.31 1 0
microdashboard/internal/store/store.go:267.2,267.21 1 0
microdashboard/internal/store/store.go:280.40,283.2 1 1
microdashboard/internal/store/store.go:297.62,299.16 2 0
microdashboard/internal/store/store.go:299.16,301.3 1 0
microdashboard/internal/store/store.go:302.2,305.18 3 0
microdashboard/internal/store/store.go:305.18,308.116 3 0
microdashboard/internal/store/store.go:308.116,310.4 1 0
microdashboard/internal/store/store.go:311.3,314.31 4 0
microdashboard/internal/store/store.go:316.2,316.21 1 0
microdashboard/internal/store/store.go:325.56,327.16 2 0
microdashboard/internal/store/store.go:327.16,329.3 1 0
microdashboard/internal/store/store.go:330.2,333.18 3 0
microdashboard/internal/store/store.go:333.18,335.78 2 0
microdashboard/internal/store/store.go:335.78,337.4 1 0
microdashboard/internal/store/store.go:338.3,338.31 1 0
microdashboard/internal/store/store.go:340.2,340.21 1 0
microdashboard/internal/store/store.go:343.53,346.2 2 0
microdashboard/internal/store/store.go:348.75,351.2 2 0
microdashboard/internal/store/store.go:363.58,365.16 2 0
microdashboard/internal/store/store.go:365.16,367.3 1 0
microdashboard/internal/store/store.go:368.2,371.18 3 0
microdashboard/internal/store/store.go:371.18,373.122 2 0
microdashboard/internal/store/store.go:373.122,375.4 1 0
microdashboard/internal/store/store.go:376.3,376.31 1 0
microdashboard/internal/store/store.go:378.2,378.21 1 0
microdashboard/internal/store/store.go:381.48,384.2 2 0
microdashboard/internal/monitor/monitor.go:26.28,33.2 2 0
microdashboard/internal/monitor/monitor.go:35.25,39.6 3 0
microdashboard/internal/monitor/monitor.go:39.6,40.10 1 0
microdashboard/internal/monitor/monitor.go:41.19,42.16 1 0
microdashboard/internal/monitor/monitor.go:43.21,44.10 1 0
microdashboard/internal/monitor/monitor.go:49.30,51.16 2 0
microdashboard/internal/monitor/monitor.go:51.16,54.3 2 0
microdashboard/internal/monitor/monitor.go:56.2,56.27 1 0
microdashboard/internal/monitor/monitor.go:56.27,59.26 3 0
microdashboard/internal/monitor/monitor.go:59.26,61.4 1 0
microdashboard/internal/monitor/monitor.go:63.3,63.26 1 0
microdashboard/internal/monitor/monitor.go:63.26,65.4 1 0
microdashboard/internal/monitor/monitor.go:65.9,67.4 1 0
microdashboard/internal/monitor/monitor.go:71.78,73.2 1 1
microdashboard/internal/monitor/monitor.go:75.78,79.16 3 1
microdashboard/internal/monitor/monitor.go:79.16,85.3 1 0
microdashboard/internal/monitor/monitor.go:87.2,91.16 4 1
microdashboard/internal/monitor/monitor.go:91.16,99.3 1 1
microdashboard/internal/monitor/monitor.go:100.2,109.3 3 1
microdashboard/internal/store/store.go:15.31,17.16 2 1
microdashboard/internal/store/store.go:17.16,19.3 1 0
microdashboard/internal/store/store.go:20.2,20.23 1 1
microdashboard/internal/store/store.go:23.25,25.2 1 1
microdashboard/internal/store/store.go:29.30,31.2 1 0
microdashboard/internal/store/store.go:33.33,76.4 5 1
microdashboard/internal/store/store.go:76.4,77.41 1 1
microdashboard/internal/store/store.go:77.41,79.4 1 0
microdashboard/internal/store/store.go:81.2,81.12 1 1
microdashboard/internal/store/store.go:86.86,88.24 2 0
microdashboard/internal/store/store.go:88.24,92.3 2 0
microdashboard/internal/store/store.go:93.2,95.12 2 0
microdashboard/internal/store/store.go:98.64,102.26 4 0
microdashboard/internal/store/store.go:102.26,104.3 1 0
microdashboard/internal/store/store.go:105.2,105.16 1 0
microdashboard/internal/store/store.go:105.16,107.3 1 0
microdashboard/internal/store/store.go:108.2,108.15 1 0
microdashboard/internal/store/store.go:112.64,116.26 4 0
microdashboard/internal/store/store.go:116.26,118.3 1 0
microdashboard/internal/store/store.go:119.2,119.16 1 0
microdashboard/internal/store/store.go:119.16,121.3 1 0
microdashboard/internal/store/store.go:122.2,122.15 1 0
microdashboard/internal/store/store.go:134.105,139.2 3 0
microdashboard/internal/store/store.go:141.64,145.26 4 0
microdashboard/internal/store/store.go:145.26,147.3 1 0
microdashboard/internal/store/store.go:148.2,148.16 1 0
microdashboard/internal/store/store.go:148.16,150.3 1 0
microdashboard/internal/store/store.go:151.2,151.15 1 0
microdashboard/internal/store/store.go:154.50,157.2 2 0
microdashboard/internal/store/store.go:171.74,176.2 3 1
microdashboard/internal/store/store.go:178.60,182.26 4 0
microdashboard/internal/store/store.go:182.26,184.3 1 0
microdashboard/internal/store/store.go:185.2,185.16 1 0
microdashboard/internal/store/store.go:185.16,187.3 1 0
microdashboard/internal/store/store.go:188.2,188.15 1 0
microdashboard/internal/store/store.go:191.56,193.16 2 0
microdashboard/internal/store/store.go:193.16,195.3 1 0
microdashboard/internal/store/store.go:196.2,198.18 3 0
microdashboard/internal/store/store.go:198.18,200.122 2 0
microdashboard/internal/store/store.go:200.122,202.4 1 0
microdashboard/internal/store/store.go:203.3,203.31 1 0
microdashboard/internal/store/store.go:205.2,205.21 1 0
microdashboard/internal/store/store.go:208.83,212.2 3 0
microdashboard/internal/store/store.go:226.97,231.2 3 0
microdashboard/internal/store/store.go:233.60,235.16 2 0
microdashboard/internal/store/store.go:235.16,237.3 1 0
microdashboard/internal/store/store.go:238.2,240.18 3 0
microdashboard/internal/store/store.go:240.18,242.121 2 0
microdashboard/internal/store/store.go:242.121,244.4 1 0
microdashboard/internal/store/store.go:245.3,245.31 1 0
microdashboard/internal/store/store.go:247.2,247.21 1 0
microdashboard/internal/store/store.go:250.85,255.16 2 0
microdashboard/internal/store/store.go:255.16,257.3 1 0
microdashboard/internal/store/store.go:258.2,260.18 3 0
microdashboard/internal/store/store.go:260.18,262.121 2 0
microdashboard/internal/store/store.go:262.121,264.4 1 0
microdashboard/internal/store/store.go:265.3,265.31 1 0
microdashboard/internal/store/store.go:267.2,267.21 1 0
microdashboard/internal/store/store.go:280.40,283.2 1 0
microdashboard/internal/store/store.go:297.62,299.16 2 0
microdashboard/internal/store/store.go:299.16,301.3 1 0
microdashboard/internal/store/store.go:302.2,305.18 3 0
microdashboard/internal/store/store.go:305.18,308.116 3 0
microdashboard/internal/store/store.go:308.116,310.4 1 0
microdashboard/internal/store/store.go:311.3,314.31 4 0
microdashboard/internal/store/store.go:316.2,316.21 1 0
microdashboard/internal/store/store.go:325.56,327.16 2 0
microdashboard/internal/store/store.go:327.16,329.3 1 0
microdashboard/internal/store/store.go:330.2,333.18 3 0
microdashboard/internal/store/store.go:333.18,335.78 2 0
microdashboard/internal/store/store.go:335.78,337.4 1 0
microdashboard/internal/store/store.go:338.3,338.31 1 0
microdashboard/internal/store/store.go:340.2,340.21 1 0
microdashboard/internal/store/store.go:343.53,346.2 2 0
microdashboard/internal/store/store.go:348.75,351.2 2 0
microdashboard/internal/store/store.go:363.58,365.16 2 0
microdashboard/internal/store/store.go:365.16,367.3 1 0
microdashboard/internal/store/store.go:368.2,371.18 3 0
microdashboard/internal/store/store.go:371.18,373.122 2 0
microdashboard/internal/store/store.go:373.122,375.4 1 0
microdashboard/internal/store/store.go:376.3,376.31 1 0
microdashboard/internal/store/store.go:378.2,378.21 1 0
microdashboard/internal/store/store.go:381.48,384.2 2 0
microdashboard/internal/store/store.go:15.31,17.16 2 1
microdashboard/internal/store/store.go:17.16,19.3 1 0
microdashboard/internal/store/store.go:20.2,20.23 1 1
microdashboard/internal/store/store.go:23.25,25.2 1 1
microdashboard/internal/store/store.go:29.30,31.2 1 1
microdashboard/internal/store/store.go:33.33,76.4 5 1
microdashboard/internal/store/store.go:76.4,77.41 1 1
microdashboard/internal/store/store.go:77.41,79.4 1 0
microdashboard/internal/store/store.go:81.2,81.12 1 1
microdashboard/internal/store/store.go:86.86,88.24 2 1
microdashboard/internal/store/store.go:88.24,92.3 2 1
microdashboard/internal/store/store.go:93.2,95.12 2 1
microdashboard/internal/store/store.go:98.64,102.26 4 1
microdashboard/internal/store/store.go:102.26,104.3 1 1
microdashboard/internal/store/store.go:105.2,105.16 1 1
microdashboard/internal/store/store.go:105.16,107.3 1 0
microdashboard/internal/store/store.go:108.2,108.15 1 1
microdashboard/internal/store/store.go:112.64,116.26 4 1
microdashboard/internal/store/store.go:116.26,118.3 1 1
microdashboard/internal/store/store.go:119.2,119.16 1 1
microdashboard/internal/store/store.go:119.16,121.3 1 0
microdashboard/internal/store/store.go:122.2,122.15 1 1
microdashboard/internal/store/store.go:134.105,139.2 3 1
microdashboard/internal/store/store.go:141.64,145.26 4 1
microdashboard/internal/store/store.go:145.26,147.3 1 1
microdashboard/internal/store/store.go:148.2,148.16 1 1
microdashboard/internal/store/store.go:148.16,150.3 1 0
microdashboard/internal/store/store.go:151.2,151.15 1 1
microdashboard/internal/store/store.go:154.50,157.2 2 1
microdashboard/internal/store/store.go:171.74,176.2 3 1
microdashboard/internal/store/store.go:178.60,182.26 4 1
microdashboard/internal/store/store.go:182.26,184.3 1 1
microdashboard/internal/store/store.go:185.2,185.16 1 1
microdashboard/internal/store/store.go:185.16,187.3 1 0
microdashboard/internal/store/store.go:188.2,188.15 1 1
microdashboard/internal/store/store.go:191.56,193.16 2 0
microdashboard/internal/store/store.go:193.16,195.3 1 0
microdashboard/internal/store/store.go:196.2,198.18 3 0
microdashboard/internal/store/store.go:198.18,200.122 2 0
microdashboard/internal/store/store.go:200.122,202.4 1 0
microdashboard/internal/store/store.go:203.3,203.31 1 0
microdashboard/internal/store/store.go:205.2,205.21 1 0
microdashboard/internal/store/store.go:208.83,212.2 3 1
microdashboard/internal/store/store.go:226.97,231.2 3 1
microdashboard/internal/store/store.go:233.60,235.16 2 1
microdashboard/internal/store/store.go:235.16,237.3 1 0
microdashboard/internal/store/store.go:238.2,240.18 3 1
microdashboard/internal/store/store.go:240.18,242.121 2 1
microdashboard/internal/store/store.go:242.121,244.4 1 0
microdashboard/internal/store/store.go:245.3,245.31 1 1
microdashboard/internal/store/store.go:247.2,247.21 1 1
microdashboard/internal/store/store.go:250.85,255.16 2 1
microdashboard/internal/store/store.go:255.16,257.3 1 0
microdashboard/internal/store/store.go:258.2,260.18 3 1
microdashboard/internal/store/store.go:260.18,262.121 2 1
microdashboard/internal/store/store.go:262.121,264.4 1 0
microdashboard/internal/store/store.go:265.3,265.31 1 1
microdashboard/internal/store/store.go:267.2,267.21 1 1
microdashboard/internal/store/store.go:280.40,283.2 1 0
microdashboard/internal/store/store.go:297.62,299.16 2 1
microdashboard/internal/store/store.go:299.16,301.3 1 0
microdashboard/internal/store/store.go:302.2,305.18 3 1
microdashboard/internal/store/store.go:305.18,308.116 3 1
microdashboard/internal/store/store.go:308.116,310.4 1 0
microdashboard/internal/store/store.go:311.3,314.31 4 1
microdashboard/internal/store/store.go:316.2,316.21 1 1
microdashboard/internal/store/store.go:325.56,327.16 2 1
microdashboard/internal/store/store.go:327.16,329.3 1 0
microdashboard/internal/store/store.go:330.2,333.18 3 1
microdashboard/internal/store/store.go:333.18,335.78 2 1
microdashboard/internal/store/store.go:335.78,337.4 1 0
microdashboard/internal/store/store.go:338.3,338.31 1 1
microdashboard/internal/store/store.go:340.2,340.21 1 1
microdashboard/internal/store/store.go:343.53,346.2 2 1
microdashboard/internal/store/store.go:348.75,351.2 2 1
microdashboard/internal/store/store.go:363.58,365.16 2 1
microdashboard/internal/store/store.go:365.16,367.3 1 0
microdashboard/internal/store/store.go:368.2,371.18 3 1
microdashboard/internal/store/store.go:371.18,373.122 2 1
microdashboard/internal/store/store.go:373.122,375.4 1 0
microdashboard/internal/store/store.go:376.3,376.31 1 1
microdashboard/internal/store/store.go:378.2,378.21 1 1
microdashboard/internal/store/store.go:381.48,384.2 2 1
