mode: set
microdashboard/internal/logger/logger.go:27.37,32.2 1 1
microdashboard/internal/logger/logger.go:34.45,36.2 1 1
microdashboard/internal/logger/logger.go:38.62,39.21 1 1
microdashboard/internal/logger/logger.go:39.21,41.3 1 1
microdashboard/internal/logger/logger.go:43.2,49.27 2 1
microdashboard/internal/logger/logger.go:49.27,51.3 1 1
microdashboard/internal/logger/logger.go:53.2,54.32 2 1
microdashboard/internal/logger/logger.go:57.51,59.2 1 1
microdashboard/internal/logger/logger.go:61.50,63.2 1 1
microdashboard/internal/logger/logger.go:65.50,67.2 1 1
microdashboard/internal/logger/logger.go:69.51,71.2 1 1
microdashboard/internal/logger/logger.go:73.32,74.11 1 1
microdashboard/internal/logger/logger.go:75.18,76.17 1 1
microdashboard/internal/logger/logger.go:77.17,78.16 1 1
microdashboard/internal/logger/logger.go:79.17,80.16 1 1
microdashboard/internal/logger/logger.go:81.18,82.17 1 1
microdashboard/internal/logger/logger.go:83.10,84.19 1 1
microdashboard/internal/logger/logger.go:90.28,92.2 1 1
microdashboard/internal/logger/logger.go:94.39,96.2 1 0
microdashboard/internal/logger/logger.go:98.38,100.2 1 1
microdashboard/internal/logger/logger.go:102.38,104.2 1 0
microdashboard/internal/logger/logger.go:106.39,108.2 1 0
microdashboard/internal/config/config.go:18.21,28.2 1 1
microdashboard/internal/config/config.go:30.44,31.34 1 1
microdashboard/internal/config/config.go:31.34,33.3 1 1
microdashboard/internal/config/config.go:34.2,34.19 1 1
microdashboard/internal/config/config.go:37.75,38.34 1 1
microdashboard/internal/config/config.go:38.34,39.50 1 1
microdashboard/internal/config/config.go:39.50,41.4 1 1
microdashboard/internal/config/config.go:43.2,43.19 1 1
microdashboard/internal/ratelimit/ratelimit.go:18.59,25.2 1 1
microdashboard/internal/ratelimit/ratelimit.go:27.61,32.13 4 1
microdashboard/internal/ratelimit/ratelimit.go:32.13,35.3 2 1
microdashboard/internal/ratelimit/ratelimit.go:36.2,36.16 1 1
microdashboard/internal/ratelimit/ratelimit.go:39.57,43.21 3 1
microdashboard/internal/ratelimit/ratelimit.go:43.21,45.34 2 1
microdashboard/internal/ratelimit/ratelimit.go:45.34,46.52 1 1
microdashboard/internal/ratelimit/ratelimit.go:46.52,48.5 1 1
microdashboard/internal/ratelimit/ratelimit.go:50.3,50.16 1 1
microdashboard/internal/ratelimit/ratelimit.go:54.82,55.46 1 1
microdashboard/internal/ratelimit/ratelimit.go:55.46,56.72 1 1
microdashboard/internal/ratelimit/ratelimit.go:56.72,60.26 3 1
microdashboard/internal/ratelimit/ratelimit.go:60.26,64.5 3 1
microdashboard/internal/ratelimit/ratelimit.go:66.4,66.24 1 1
microdashboard/internal/ratelimit/ratelimit.go:71.42,74.15 2 1
microdashboard/internal/ratelimit/ratelimit.go:74.15,76.3 1 1
microdashboard/internal/ratelimit/ratelimit.go:79.2,80.15 2 1
microdashboard/internal/ratelimit/ratelimit.go:80.15,82.3 1 1
microdashboard/internal/ratelimit/ratelimit.go:85.2,86.34 2 1
microdashboard/internal/ratelimit/ratelimit.go:86.34,87.29 1 1
microdashboard/internal/ratelimit/ratelimit.go:87.29,88.20 1 1
microdashboard/internal/ratelimit/ratelimit.go:88.20,90.5 1 1
microdashboard/internal/ratelimit/ratelimit.go:93.2,93.11 1 0
microdashboard/internal/ratelimit/ratelimit.go:97.49,99.2 1 1
microdashboard/internal/ratelimit/ratelimit.go:109.67,116.2 1 1
microdashboard/internal/ratelimit/ratelimit.go:118.71,123.13 4 1
microdashboard/internal/ratelimit/ratelimit.go:123.13,126.3 2 1
microdashboard/internal/ratelimit/ratelimit.go:127.2,127.16 1 1
microdashboard/internal/ratelimit/ratelimit.go:130.132,131.46 1 1
microdashboard/internal/ratelimit/ratelimit.go:131.46,132.72 1 1
microdashboard/internal/ratelimit/ratelimit.go:132.72,134.22 2 1
microdashboard/internal/ratelimit/ratelimit.go:134.22,137.5 2 1
microdashboard/internal/ratelimit/ratelimit.go:139.4,141.24 2 1
microdashboard/internal/ratelimit/ratelimit.go:141.24,145.5 3 1
microdashboard/internal/ratelimit/ratelimit.go:147.4,147.24 1 1
microdashboard/internal/metrics/metrics.go:75.57,77.2 1 1
microdashboard/internal/metrics/metrics.go:79.64,81.2 1 1
microdashboard/internal/metrics/metrics.go:83.62,85.14 2 1
microdashboard/internal/metrics/metrics.go:85.14,87.3 1 1
microdashboard/internal/metrics/metrics.go:88.2,88.61 1 1
microdashboard/internal/metrics/metrics.go:91.76,93.14 2 1
microdashboard/internal/metrics/metrics.go:93.14,95.3 1 1
microdashboard/internal/metrics/metrics.go:96.2,97.71 2 1
microdashboard/internal/metrics/metrics.go:100.38,102.2 1 1
microdashboard/internal/metrics/metrics.go:104.36,106.2 1 1
microdashboard/internal/metrics/metrics.go:108.34,110.2 1 1
microdashboard/internal/metrics/metrics.go:112.47,114.2 1 1
microdashboard/internal/metrics/metrics.go:116.46,118.2 1 1
microdashboard/internal/metrics/metrics.go:120.70,122.14 2 1
microdashboard/internal/metrics/metrics.go:122.14,124.3 1 1
microdashboard/internal/metrics/metrics.go:125.2,126.62 2 1
microdashboard/internal/auth/auth.go:15.32,17.2 1 1
microdashboard/internal/auth/auth.go:19.60,20.75 1 1
microdashboard/internal/auth/auth.go:20.75,22.16 2 1
microdashboard/internal/auth/auth.go:22.16,25.4 2 1
microdashboard/internal/auth/auth.go:27.3,28.17 2 1
microdashboard/internal/auth/auth.go:28.17,31.4 2 1
microdashboard/internal/auth/auth.go:33.3,34.30 2 1
microdashboard/internal/auth/auth.go:38.61,39.75 1 1
microdashboard/internal/auth/auth.go:39.75,41.39 2 1
microdashboard/internal/auth/auth.go:41.39,44.4 2 1
microdashboard/internal/auth/auth.go:45.3,45.13 1 1
microdashboard/internal/auth/auth.go:49.66,52.2 2 1
microdashboard/internal/store/store.go:16.31,18.16 2 1
microdashboard/internal/store/store.go:18.16,20.3 1 0
microdashboard/internal/store/store.go:21.2,21.23 1 1
microdashboard/internal/store/store.go:24.25,26.2 1 1
microdashboard/internal/store/store.go:30.30,32.2 1 0
microdashboard/internal/store/store.go:37.73,39.16 2 0
microdashboard/internal/store/store.go:39.16,41.3 1 0
microdashboard/internal/store/store.go:42.2,43.23 2 0
microdashboard/internal/store/store.go:46.33,89.4 5 1
microdashboard/internal/store/store.go:89.4,90.41 1 1
microdashboard/internal/store/store.go:90.41,92.4 1 0
microdashboard/internal/store/store.go:94.2,94.12 1 1
microdashboard/internal/store/store.go:99.86,101.24 2 1
microdashboard/internal/store/store.go:101.24,105.3 2 0
microdashboard/internal/store/store.go:106.2,108.12 2 1
microdashboard/internal/store/store.go:111.64,115.26 4 0
microdashboard/internal/store/store.go:115.26,117.3 1 0
microdashboard/internal/store/store.go:118.2,118.16 1 0
microdashboard/internal/store/store.go:118.16,120.3 1 0
microdashboard/internal/store/store.go:121.2,121.15 1 0
microdashboard/internal/store/store.go:125.64,129.26 4 1
microdashboard/internal/store/store.go:129.26,131.3 1 1
microdashboard/internal/store/store.go:132.2,132.16 1 1
microdashboard/internal/store/store.go:132.16,134.3 1 0
microdashboard/internal/store/store.go:135.2,135.15 1 1
microdashboard/internal/store/store.go:147.105,152.2 3 0
microdashboard/internal/store/store.go:154.64,158.26 4 0
microdashboard/internal/store/store.go:158.26,160.3 1 0
microdashboard/internal/store/store.go:161.2,161.16 1 0
microdashboard/internal/store/store.go:161.16,163.3 1 0
microdashboard/internal/store/store.go:164.2,164.15 1 0
microdashboard/internal/store/store.go:167.50,170.2 2 0
microdashboard/internal/store/store.go:184.74,189.2 3 0
microdashboard/internal/store/store.go:191.60,195.26 4 0
microdashboard/internal/store/store.go:195.26,197.3 1 0
microdashboard/internal/store/store.go:198.2,198.16 1 0
microdashboard/internal/store/store.go:198.16,200.3 1 0
microdashboard/internal/store/store.go:201.2,201.15 1 0
microdashboard/internal/store/store.go:204.56,206.16 2 0
microdashboard/internal/store/store.go:206.16,208.3 1 0
microdashboard/internal/store/store.go:209.2,211.18 3 0
microdashboard/internal/store/store.go:211.18,213.122 2 0
microdashboard/internal/store/store.go:213.122,215.4 1 0
microdashboard/internal/store/store.go:216.3,216.31 1 0
microdashboard/internal/store/store.go:218.2,218.21 1 0
microdashboard/internal/store/store.go:221.83,225.2 3 0
microdashboard/internal/store/store.go:239.97,244.2 3 0
microdashboard/internal/store/store.go:246.60,248.16 2 0
microdashboard/internal/store/store.go:248.16,250.3 1 0
microdashboard/internal/store/store.go:251.2,253.18 3 0
microdashboard/internal/store/store.go:253.18,255.121 2 0
microdashboard/internal/store/store.go:255.121,257.4 1 0
microdashboard/internal/store/store.go:258.3,258.31 1 0
microdashboard/internal/store/store.go:260.2,260.21 1 0
microdashboard/internal/store/store.go:263.85,268.16 2 0
microdashboard/internal/store/store.go:268.16,270.3 1 0
microdashboard/internal/store/store.go:271.2,273.18 3 0
microdashboard/internal/store/store.go:273.18,275.121 2 0
microdashboard/internal/store/store.go:275.121,277.4 1 0
microdashboard/internal/store/store.go:278.3,278.31 1 0
microdashboard/internal/store/store.go:280.2,280.21 1 0
microdashboard/internal/store/store.go:293.40,296.2 1 1
microdashboard/internal/store/store.go:310.62,312.16 2 0
microdashboard/internal/store/store.go:312.16,314.3 1 0
microdashboard/internal/store/store.go:315.2,318.18 3 0
microdashboard/internal/store/store.go:318.18,321.116 3 0
microdashboard/internal/store/store.go:321.116,323.4 1 0
microdashboard/internal/store/store.go:324.3,327.31 4 0
microdashboard/internal/store/store.go:329.2,329.21 1 0
microdashboard/internal/store/store.go:338.56,340.16 2 0
microdashboard/internal/store/store.go:340.16,342.3 1 0
microdashboard/internal/store/store.go:343.2,346.18 3 0
microdashboard/internal/store/store.go:346.18,348.78 2 0
microdashboard/internal/store/store.go:348.78,350.4 1 0
microdashboard/internal/store/store.go:351.3,351.31 1 0
microdashboard/internal/store/store.go:353.2,353.21 1 0
microdashboard/internal/store/store.go:356.53,359.2 2 0
microdashboard/internal/store/store.go:361.75,364.2 2 0
microdashboard/internal/store/store.go:376.58,378.16 2 0
microdashboard/internal/store/store.go:378.16,380.3 1 0
microdashboard/internal/store/store.go:381.2,384.18 3 0
microdashboard/internal/store/store.go:384.18,386.122 2 0
microdashboard/internal/store/store.go:386.122,388.4 1 0
microdashboard/internal/store/store.go:389.3,389.31 1 0
microdashboard/internal/store/store.go:391.2,391.21 1 0
microdashboard/internal/store/store.go:394.48,397.2 2 0
microdashboard/internal/store/store.go:16.31,18.16 2 1
microdashboard/internal/store/store.go:18.16,20.3 1 0
microdashboard/internal/store/store.go:21.2,21.23 1 1
microdashboard/internal/store/store.go:24.25,26.2 1 1
microdashboard/internal/store/store.go:30.30,32.2 1 1
microdashboard/internal/store/store.go:37.73,39.16 2 0
microdashboard/internal/store/store.go:39.16,41.3 1 0
microdashboard/internal/store/store.go:42.2,43.23 2 0
microdashboard/internal/store/store.go:46.33,89.4 5 1
microdashboard/internal/store/store.go:89.4,90.41 1 1
microdashboard/internal/store/store.go:90.41,92.4 1 0
microdashboard/internal/store/store.go:94.2,94.12 1 1
microdashboard/internal/store/store.go:99.86,101.24 2 1
microdashboard/internal/store/store.go:101.24,105.3 2 1
microdashboard/internal/store/store.go:106.2,108.12 2 1
microdashboard/internal/store/store.go:111.64,115.26 4 1
microdashboard/internal/store/store.go:115.26,117.3 1 1
microdashboard/internal/store/store.go:118.2,118.16 1 1
microdashboard/internal/store/store.go:118.16,120.3 1 0
microdashboard/internal/store/store.go:121.2,121.15 1 1
microdashboard/internal/store/store.go:125.64,129.26 4 1
microdashboard/internal/store/store.go:129.26,131.3 1 1
microdashboard/internal/store/store.go:132.2,132.16 1 1
microdashboard/internal/store/store.go:132.16,134.3 1 0
microdashboard/internal/store/store.go:135.2,135.15 1 1
microdashboard/internal/store/store.go:147.105,152.2 3 1
microdashboard/internal/store/store.go:154.64,158.26 4 1
microdashboard/internal/store/store.go:158.26,160.3 1 1
microdashboard/internal/store/store.go:161.2,161.16 1 1
microdashboard/internal/store/store.go:161.16,163.3 1 0
microdashboard/internal/store/store.go:164.2,164.15 1 1
microdashboard/internal/store/store.go:167.50,170.2 2 1
microdashboard/internal/store/store.go:184.74,189.2 3 1
microdashboard/internal/store/store.go:191.60,195.26 4 1
microdashboard/internal/store/store.go:195.26,197.3 1 1
microdashboard/internal/store/store.go:198.2,198.16 1 1
microdashboard/internal/store/store.go:198.16,200.3 1 0
microdashboard/internal/store/store.go:201.2,201.15 1 1
microdashboard/internal/store/store.go:204.56,206.16 2 1
microdashboard/internal/store/store.go:206.16,208.3 1 0
microdashboard/internal/store/store.go:209.2,211.18 3 1
microdashboard/internal/store/store.go:211.18,213.122 2 1
microdashboard/internal/store/store.go:213.122,215.4 1 0
microdashboard/internal/store/store.go:216.3,216.31 1 1
microdashboard/internal/store/store.go:218.2,218.21 1 1
microdashboard/internal/store/store.go:221.83,225.2 3 1
microdashboard/internal/store/store.go:239.97,244.2 3 1
microdashboard/internal/store/store.go:246.60,248.16 2 1
microdashboard/internal/store/store.go:248.16,250.3 1 0
microdashboard/internal/store/store.go:251.2,253.18 3 1
microdashboard/internal/store/store.go:253.18,255.121 2 1
microdashboard/internal/store/store.go:255.121,257.4 1 0
microdashboard/internal/store/store.go:258.3,258.31 1 1
microdashboard/internal/store/store.go:260.2,260.21 1 1
microdashboard/internal/store/store.go:263.85,268.16 2 1
microdashboard/internal/store/store.go:268.16,270.3 1 0
microdashboard/internal/store/store.go:271.2,273.18 3 1
microdashboard/internal/store/store.go:273.18,275.121 2 1
microdashboard/internal/store/store.go:275.121,277.4 1 0
microdashboard/internal/store/store.go:278.3,278.31 1 1
microdashboard/internal/store/store.go:280.2,280.21 1 1
microdashboard/internal/store/store.go:293.40,296.2 1 0
microdashboard/internal/store/store.go:310.62,312.16 2 1
microdashboard/internal/store/store.go:312.16,314.3 1 0
microdashboard/internal/store/store.go:315.2,318.18 3 1
microdashboard/internal/store/store.go:318.18,321.116 3 1
microdashboard/internal/store/store.go:321.116,323.4 1 0
microdashboard/internal/store/store.go:324.3,327.31 4 1
microdashboard/internal/store/store.go:329.2,329.21 1 1
microdashboard/internal/store/store.go:338.56,340.16 2 1
microdashboard/internal/store/store.go:340.16,342.3 1 0
microdashboard/internal/store/store.go:343.2,346.18 3 1
microdashboard/internal/store/store.go:346.18,348.78 2 1
microdashboard/internal/store/store.go:348.78,350.4 1 0
microdashboard/internal/store/store.go:351.3,351.31 1 1
microdashboard/internal/store/store.go:353.2,353.21 1 1
microdashboard/internal/store/store.go:356.53,359.2 2 1
microdashboard/internal/store/store.go:361.75,364.2 2 1
microdashboard/internal/store/store.go:376.58,378.16 2 1
microdashboard/internal/store/store.go:378.16,380.3 1 0
microdashboard/internal/store/store.go:381.2,384.18 3 1
microdashboard/internal/store/store.go:384.18,386.122 2 1
microdashboard/internal/store/store.go:386.122,388.4 1 0
microdashboard/internal/store/store.go:389.3,389.31 1 1
microdashboard/internal/store/store.go:391.2,391.21 1 1
microdashboard/internal/store/store.go:394.48,397.2 2 1
microdashboard/internal/monitor/monitor.go:26.37,34.2 3 1
microdashboard/internal/monitor/monitor.go:36.25,40.6 3 1
microdashboard/internal/monitor/monitor.go:40.6,41.10 1 1
microdashboard/internal/monitor/monitor.go:42.19,43.16 1 1
microdashboard/internal/monitor/monitor.go:44.21,45.10 1 1
microdashboard/internal/monitor/monitor.go:51.26,53.2 1 1
microdashboard/internal/monitor/monitor.go:57.30,59.2 1 1
microdashboard/internal/monitor/monitor.go:61.30,63.16 2 1
microdashboard/internal/monitor/monitor.go:63.16,66.3 2 0
microdashboard/internal/monitor/monitor.go:68.2,68.27 1 1
microdashboard/internal/monitor/monitor.go:68.27,71.26 3 1
microdashboard/internal/monitor/monitor.go:71.26,73.4 1 1
microdashboard/internal/monitor/monitor.go:75.3,75.26 1 1
microdashboard/internal/monitor/monitor.go:75.26,77.4 1 1
microdashboard/internal/monitor/monitor.go:77.9,79.4 1 1
microdashboard/internal/monitor/monitor.go:83.78,85.2 1 1
microdashboard/internal/monitor/monitor.go:87.78,91.16 3 1
microdashboard/internal/monitor/monitor.go:91.16,97.3 1 0
microdashboard/internal/monitor/monitor.go:99.2,103.16 4 1
microdashboard/internal/monitor/monitor.go:103.16,111.3 1 1
microdashboard/internal/monitor/monitor.go:112.2,121.3 3 1
microdashboard/internal/store/store.go:16.31,18.16 2 1
microdashboard/internal/store/store.go:18.16,20.3 1 0
microdashboard/internal/store/store.go:21.2,21.23 1 1
microdashboard/internal/store/store.go:24.25,26.2 1 1
microdashboard/internal/store/store.go:30.30,32.2 1 0
microdashboard/internal/store/store.go:37.73,39.16 2 0
microdashboard/internal/store/store.go:39.16,41.3 1 0
microdashboard/internal/store/store.go:42.2,43.23 2 0
microdashboard/internal/store/store.go:46.33,89.4 5 1
microdashboard/internal/store/store.go:89.4,90.41 1 1
microdashboard/internal/store/store.go:90.41,92.4 1 0
microdashboard/internal/store/store.go:94.2,94.12 1 1
microdashboard/internal/store/store.go:99.86,101.24 2 0
microdashboard/internal/store/store.go:101.24,105.3 2 0
microdashboard/internal/store/store.go:106.2,108.12 2 0
microdashboard/internal/store/store.go:111.64,115.26 4 0
microdashboard/internal/store/store.go:115.26,117.3 1 0
microdashboard/internal/store/store.go:118.2,118.16 1 0
microdashboard/internal/store/store.go:118.16,120.3 1 0
microdashboard/internal/store/store.go:121.2,121.15 1 0
microdashboard/internal/store/store.go:125.64,129.26 4 0
microdashboard/internal/store/store.go:129.26,131.3 1 0
microdashboard/internal/store/store.go:132.2,132.16 1 0
microdashboard/internal/store/store.go:132.16,134.3 1 0
microdashboard/internal/store/store.go:135.2,135.15 1 0
microdashboard/internal/store/store.go:147.105,152.2 3 0
microdashboard/internal/store/store.go:154.64,158.26 4 0
microdashboard/internal/store/store.go:158.26,160.3 1 0
microdashboard/internal/store/store.go:161.2,161.16 1 0
microdashboard/internal/store/store.go:161.16,163.3 1 0
microdashboard/internal/store/store.go:164.2,164.15 1 0
microdashboard/internal/store/store.go:167.50,170.2 2 0
microdashboard/internal/store/store.go:184.74,189.2 3 1
microdashboard/internal/store/store.go:191.60,195.26 4 0
microdashboard/internal/store/store.go:195.26,197.3 1 0
microdashboard/internal/store/store.go:198.2,198.16 1 0
microdashboard/internal/store/store.go:198.16,200.3 1 0
microdashboard/internal/store/store.go:201.2,201.15 1 0
microdashboard/internal/store/store.go:204.56,206.16 2 1
microdashboard/internal/store/store.go:206.16,208.3 1 0
microdashboard/internal/store/store.go:209.2,211.18 3 1
microdashboard/internal/store/store.go:211.18,213.122 2 1
microdashboard/internal/store/store.go:213.122,215.4 1 0
microdashboard/internal/store/store.go:216.3,216.31 1 1
microdashboard/internal/store/store.go:218.2,218.21 1 1
microdashboard/internal/store/store.go:221.83,225.2 3 1
microdashboard/internal/store/store.go:239.97,244.2 3 1
microdashboard/internal/store/store.go:246.60,248.16 2 1
microdashboard/internal/store/store.go:248.16,250.3 1 0
microdashboard/internal/store/store.go:251.2,253.18 3 1
microdashboard/internal/store/store.go:253.18,255.121 2 1
microdashboard/internal/store/store.go:255.121,257.4 1 0
microdashboard/internal/store/store.go:258.3,258.31 1 1
microdashboard/internal/store/store.go:260.2,260.21 1 1
microdashboard/internal/store/store.go:263.85,268.16 2 0
microdashboard/internal/store/store.go:268.16,270.3 1 0
microdashboard/internal/store/store.go:271.2,273.18 3 0
microdashboard/internal/store/store.go:273.18,275.121 2 0
microdashboard/internal/store/store.go:275.121,277.4 1 0
microdashboard/internal/store/store.go:278.3,278.31 1 0
microdashboard/internal/store/store.go:280.2,280.21 1 0
microdashboard/internal/store/store.go:293.40,296.2 1 0
microdashboard/internal/store/store.go:310.62,312.16 2 0
microdashboard/internal/store/store.go:312.16,314.3 1 0
microdashboard/internal/store/store.go:315.2,318.18 3 0
microdashboard/internal/store/store.go:318.18,321.116 3 0
microdashboard/internal/store/store.go:321.116,323.4 1 0
microdashboard/internal/store/store.go:324.3,327.31 4 0
microdashboard/internal/store/store.go:329.2,329.21 1 0
microdashboard/internal/store/store.go:338.56,340.16 2 0
microdashboard/internal/store/store.go:340.16,342.3 1 0
microdashboard/internal/store/store.go:343.2,346.18 3 0
microdashboard/internal/store/store.go:346.18,348.78 2 0
microdashboard/internal/store/store.go:348.78,350.4 1 0
microdashboard/internal/store/store.go:351.3,351.31 1 0
microdashboard/internal/store/store.go:353.2,353.21 1 0
microdashboard/internal/store/store.go:356.53,359.2 2 0
microdashboard/internal/store/store.go:361.75,364.2 2 0
microdashboard/internal/store/store.go:376.58,378.16 2 0
microdashboard/internal/store/store.go:378.16,380.3 1 0
microdashboard/internal/store/store.go:381.2,384.18 3 0
microdashboard/internal/store/store.go:384.18,386.122 2 0
microdashboard/internal/store/store.go:386.122,388.4 1 0
microdashboard/internal/store/store.go:389.3,389.31 1 0
microdashboard/internal/store/store.go:391.2,391.21 1 0
microdashboard/internal/store/store.go:394.48,397.2 2 0
microdashboard/internal/auth/auth.go:15.32,17.2 1 1
microdashboard/internal/auth/auth.go:19.60,20.75 1 0
microdashboard/internal/auth/auth.go:20.75,22.16 2 0
microdashboard/internal/auth/auth.go:22.16,25.4 2 0
microdashboard/internal/auth/auth.go:27.3,28.17 2 0
microdashboard/internal/auth/auth.go:28.17,31.4 2 0
microdashboard/internal/auth/auth.go:33.3,34.30 2 0
microdashboard/internal/auth/auth.go:38.61,39.75 1 0
microdashboard/internal/auth/auth.go:39.75,41.39 2 0
microdashboard/internal/auth/auth.go:41.39,44.4 2 0
microdashboard/internal/auth/auth.go:45.3,45.13 1 0
microdashboard/internal/auth/auth.go:49.66,52.2 2 0
microdashboard/internal/store/store.go:16.31,18.16 2 1
microdashboard/internal/store/store.go:18.16,20.3 1 0
microdashboard/internal/store/store.go:21.2,21.23 1 1
microdashboard/internal/store/store.go:24.25,26.2 1 1
microdashboard/internal/store/store.go:30.30,32.2 1 0
microdashboard/internal/store/store.go:37.73,39.16 2 1
microdashboard/internal/store/store.go:39.16,41.3 1 0
microdashboard/internal/store/store.go:42.2,43.23 2 1
microdashboard/internal/store/store.go:46.33,89.4 5 1
microdashboard/internal/store/store.go:89.4,90.41 1 1
microdashboard/internal/store/store.go:90.41,92.4 1 0
microdashboard/internal/store/store.go:94.2,94.12 1 1
microdashboard/internal/store/store.go:99.86,101.24 2 1
microdashboard/internal/store/store.go:101.24,105.3 2 0
microdashboard/internal/store/store.go:106.2,108.12 2 1
microdashboard/internal/store/store.go:111.64,115.26 4 0
microdashboard/internal/store/store.go:115.26,117.3 1 0
microdashboard/internal/store/store.go:118.2,118.16 1 0
microdashboard/internal/store/store.go:118.16,120.3 1 0
microdashboard/internal/store/store.go:121.2,121.15 1 0
microdashboard/internal/store/store.go:125.64,129.26 4 1
microdashboard/internal/store/store.go:129.26,131.3 1 0
microdashboard/internal/store/store.go:132.2,132.16 1 1
microdashboard/internal/store/store.go:132.16,134.3 1 0
microdashboard/internal/store/store.go:135.2,135.15 1 1
microdashboard/internal/store/store.go:147.105,152.2 3 0
microdashboard/internal/store/store.go:154.64,158.26 4 0
microdashboard/internal/store/store.go:158.26,160.3 1 0
microdashboard/internal/store/store.go:161.2,161.16 1 0
microdashboard/internal/store/store.go:161.16,163.3 1 0
microdashboard/internal/store/store.go:164.2,164.15 1 0
microdashboard/internal/store/store.go:167.50,170.2 2 0
microdashboard/internal/store/store.go:184.74,189.2 3 0
microdashboard/internal/store/store.go:191.60,195.26 4 0
microdashboard/internal/store/store.go:195.26,197.3 1 0
microdashboard/internal/store/store.go:198.2,198.16 1 0
microdashboard/internal/store/store.go:198.16,200.3 1 0
microdashboard/internal/store/store.go:201.2,201.15 1 0
microdashboard/internal/store/store.go:204.56,206.16 2 0
microdashboard/internal/store/store.go:206.16,208.3 1 0
microdashboard/internal/store/store.go:209.2,211.18 3 0
microdashboard/internal/store/store.go:211.18,213.122 2 0
microdashboard/internal/store/store.go:213.122,215.4 1 0
microdashboard/internal/store/store.go:216.3,216.31 1 0
microdashboard/internal/store/store.go:218.2,218.21 1 0
microdashboard/internal/store/store.go:221.83,225.2 3 0
microdashboard/internal/store/store.go:239.97,244.2 3 0
microdashboard/internal/store/store.go:246.60,248.16 2 0
microdashboard/internal/store/store.go:248.16,250.3 1 0
microdashboard/internal/store/store.go:251.2,253.18 3 0
microdashboard/internal/store/store.go:253.18,255.121 2 0
microdashboard/internal/store/store.go:255.121,257.4 1 0
microdashboard/internal/store/store.go:258.3,258.31 1 0
microdashboard/internal/store/store.go:260.2,260.21 1 0
microdashboard/internal/store/store.go:263.85,268.16 2 0
microdashboard/internal/store/store.go:268.16,270.3 1 0
microdashboard/internal/store/store.go:271.2,273.18 3 0
microdashboard/internal/store/store.go:273.18,275.121 2 0
microdashboard/internal/store/store.go:275.121,277.4 1 0
microdashboard/internal/store/store.go:278.3,278.31 1 0
microdashboard/internal/store/store.go:280.2,280.21 1 0
microdashboard/internal/store/store.go:293.40,296.2 1 0
microdashboard/internal/store/store.go:310.62,312.16 2 0
microdashboard/internal/store/store.go:312.16,314.3 1 0
microdashboard/internal/store/store.go:315.2,318.18 3 0
microdashboard/internal/store/store.go:318.18,321.116 3 0
microdashboard/internal/store/store.go:321.116,323.4 1 0
microdashboard/internal/store/store.go:324.3,327.31 4 0
microdashboard/internal/store/store.go:329.2,329.21 1 0
microdashboard/internal/store/store.go:338.56,340.16 2 0
microdashboard/internal/store/store.go:340.16,342.3 1 0
microdashboard/internal/store/store.go:343.2,346.18 3 0
microdashboard/internal/store/store.go:346.18,348.78 2 0
microdashboard/internal/store/store.go:348.78,350.4 1 0
microdashboard/internal/store/store.go:351.3,351.31 1 0
microdashboard/internal/store/store.go:353.2,353.21 1 0
microdashboard/internal/store/store.go:356.53,359.2 2 0
microdashboard/internal/store/store.go:361.75,364.2 2 0
microdashboard/internal/store/store.go:376.58,378.16 2 0
microdashboard/internal/store/store.go:378.16,380.3 1 0
microdashboard/internal/store/store.go:381.2,384.18 3 0
microdashboard/internal/store/store.go:384.18,386.122 2 0
microdashboard/internal/store/store.go:386.122,388.4 1 0
microdashboard/internal/store/store.go:389.3,389.31 1 0
microdashboard/internal/store/store.go:391.2,391.21 1 0
microdashboard/internal/store/store.go:394.48,397.2 2 0
microdashboard/internal/websocket/hub.go:15.42,15.57 1 1
microdashboard/internal/websocket/hub.go:36.62,45.2 1 1
microdashboard/internal/websocket/hub.go:47.21,48.6 1 1
microdashboard/internal/websocket/hub.go:48.6,49.10 1 1
microdashboard/internal/websocket/hub.go:50.31,54.72 4 0
microdashboard/internal/websocket/hub.go:56.33,58.38 2 0
microdashboard/internal/websocket/hub.go:58.38,61.5 2 0
microdashboard/internal/websocket/hub.go:62.4,63.75 2 0
microdashboard/internal/websocket/hub.go:65.33,67.34 2 1
microdashboard/internal/websocket/hub.go:67.34,68.12 1 0
microdashboard/internal/websocket/hub.go:69.33,69.33 0 0
microdashboard/internal/websocket/hub.go:70.13,72.31 2 0
microdashboard/internal/websocket/hub.go:75.4,75.18 1 1
microdashboard/internal/websocket/hub.go:80.82,87.2 2 1
microdashboard/internal/websocket/hub.go:89.60,95.2 2 1
microdashboard/internal/websocket/hub.go:97.33,101.2 3 1
microdashboard/internal/websocket/hub.go:103.63,106.17 2 1
microdashboard/internal/websocket/hub.go:106.17,109.3 2 1
microdashboard/internal/websocket/hub.go:111.2,112.16 2 1
microdashboard/internal/websocket/hub.go:112.16,115.3 2 0
microdashboard/internal/websocket/hub.go:117.2,118.16 2 1
microdashboard/internal/websocket/hub.go:118.16,121.3 2 1
microdashboard/internal/websocket/hub.go:123.2,133.22 4 0
microdashboard/internal/websocket/hub.go:136.29,137.15 1 0
microdashboard/internal/websocket/hub.go:137.15,140.3 2 0
microdashboard/internal/websocket/hub.go:142.2,143.6 2 0
microdashboard/internal/websocket/hub.go:143.6,145.17 2 0
microdashboard/internal/websocket/hub.go:145.17,146.9 1 0
microdashboard/internal/websocket/hub.go:149.3,150.55 2 0
microdashboard/internal/websocket/hub.go:150.55,151.12 1 0
microdashboard/internal/websocket/hub.go:154.3,154.72 1 0
microdashboard/internal/websocket/hub.go:154.72,155.54 1 0
microdashboard/internal/websocket/hub.go:155.54,157.5 1 0
microdashboard/internal/websocket/hub.go:162.30,164.6 2 0
microdashboard/internal/websocket/hub.go:164.6,165.10 1 0
microdashboard/internal/websocket/hub.go:166.32,167.11 1 0
microdashboard/internal/websocket/hub.go:167.11,170.5 2 0
microdashboard/internal/websocket/hub.go:171.4,171.78 1 0
microdashboard/internal/websocket/hub.go:171.78,173.5 1 0
microdashboard/internal/websocket/hub.go:178.43,179.9 1 1
microdashboard/internal/websocket/hub.go:180.22,180.22 0 1
microdashboard/internal/websocket/hub.go:181.10,181.10 0 0
microdashboard/internal/websocket/hub.go:185.39,187.2 1 0
microdashboard/internal/websocket/hub.go:189.36,190.19 1 0
microdashboard/internal/websocket/hub.go:190.19,192.3 1 0
microdashboard/internal/websocket/hub.go:193.2,194.6 2 0
microdashboard/internal/websocket/hub.go:194.6,196.17 2 0
microdashboard/internal/websocket/hub.go:196.17,197.9 1 0
microdashboard/internal/websocket/hub.go:200.3,201.55 2 0
microdashboard/internal/websocket/hub.go:201.55,202.12 1 0
microdashboard/internal/websocket/hub.go:205.3,205.72 1 0
microdashboard/internal/websocket/hub.go:205.72,206.54 1 0
microdashboard/internal/websocket/hub.go:206.54,208.5 1 0
microdashboard/internal/websocket/hub.go:213.66,219.2 1 1
microdashboard/internal/auth/auth.go:15.32,17.2 1 1
microdashboard/internal/auth/auth.go:19.60,20.75 1 1
microdashboard/internal/auth/auth.go:20.75,22.16 2 0
microdashboard/internal/auth/auth.go:22.16,25.4 2 0
microdashboard/internal/auth/auth.go:27.3,28.17 2 0
microdashboard/internal/auth/auth.go:28.17,31.4 2 0
microdashboard/internal/auth/auth.go:33.3,34.30 2 0
microdashboard/internal/auth/auth.go:38.61,39.75 1 1
microdashboard/internal/auth/auth.go:39.75,41.39 2 1
microdashboard/internal/auth/auth.go:41.39,44.4 2 0
microdashboard/internal/auth/auth.go:45.3,45.13 1 1
microdashboard/internal/auth/auth.go:49.66,52.2 2 0
microdashboard/internal/config/config.go:18.21,28.2 1 1
microdashboard/internal/config/config.go:30.44,31.34 1 1
microdashboard/internal/config/config.go:31.34,33.3 1 0
microdashboard/internal/config/config.go:34.2,34.19 1 1
microdashboard/internal/config/config.go:37.75,38.34 1 1
microdashboard/internal/config/config.go:38.34,39.50 1 0
microdashboard/internal/config/config.go:39.50,41.4 1 0
microdashboard/internal/config/config.go:43.2,43.19 1 1
microdashboard/internal/dashboard/dashboard.go:68.44,69.16 1 0
microdashboard/internal/dashboard/dashboard.go:69.16,71.3 1 0
microdashboard/internal/dashboard/dashboard.go:72.2,72.18 1 0
microdashboard/internal/dashboard/dashboard.go:72.18,74.3 1 0
microdashboard/internal/dashboard/dashboard.go:75.2,75.18 1 0
microdashboard/internal/dashboard/dashboard.go:75.18,77.3 1 0
microdashboard/internal/dashboard/dashboard.go:78.2,78.19 1 0
microdashboard/internal/dashboard/dashboard.go:78.19,80.3 1 0
microdashboard/internal/dashboard/dashboard.go:81.2,81.28 1 0
microdashboard/internal/dashboard/dashboard.go:81.28,83.3 1 0
microdashboard/internal/dashboard/dashboard.go:84.2,84.25 1 0
microdashboard/internal/dashboard/dashboard.go:84.25,86.3 1 0
microdashboard/internal/dashboard/dashboard.go:87.2,87.30 1 0
microdashboard/internal/dashboard/dashboard.go:87.30,88.17 1 0
microdashboard/internal/dashboard/dashboard.go:88.17,90.4 1 0
microdashboard/internal/dashboard/dashboard.go:91.3,91.32 1 0
microdashboard/internal/dashboard/dashboard.go:91.32,93.4 1 0
microdashboard/internal/dashboard/dashboard.go:94.3,94.25 1 0
microdashboard/internal/dashboard/dashboard.go:94.25,96.4 1 0
microdashboard/internal/dashboard/dashboard.go:98.3,98.43 1 0
microdashboard/internal/dashboard/dashboard.go:98.43,100.4 1 0
microdashboard/internal/dashboard/dashboard.go:102.2,102.12 1 0
microdashboard/internal/dashboard/dashboard.go:106.75,116.30 2 0
microdashboard/internal/dashboard/dashboard.go:116.30,118.17 2 0
microdashboard/internal/dashboard/dashboard.go:118.17,132.12 2 0
microdashboard/internal/dashboard/dashboard.go:134.3,145.4 1 0
microdashboard/internal/dashboard/dashboard.go:147.2,147.22 1 0
microdashboard/internal/dashboard/dashboard.go:159.92,161.23 2 0
microdashboard/internal/dashboard/dashboard.go:161.23,163.3 1 0
microdashboard/internal/dashboard/dashboard.go:166.2,170.32 4 0
microdashboard/internal/dashboard/dashboard.go:170.32,175.22 4 0
microdashboard/internal/dashboard/dashboard.go:175.22,176.12 1 0
microdashboard/internal/dashboard/dashboard.go:179.3,187.17 7 0
microdashboard/internal/dashboard/dashboard.go:188.18,189.59 1 0
microdashboard/internal/dashboard/dashboard.go:190.17,191.58 1 0
microdashboard/internal/dashboard/dashboard.go:192.11,193.50 1 0
microdashboard/internal/dashboard/dashboard.go:196.3,196.17 1 0
microdashboard/internal/dashboard/dashboard.go:196.17,198.4 1 0
microdashboard/internal/dashboard/dashboard.go:201.3,205.23 3 0
microdashboard/internal/dashboard/dashboard.go:205.23,207.4 1 0
microdashboard/internal/dashboard/dashboard.go:207.9,207.55 1 0
microdashboard/internal/dashboard/dashboard.go:207.55,209.4 1 0
microdashboard/internal/dashboard/dashboard.go:212.2,212.42 1 0
microdashboard/internal/dashboard/dashboard.go:215.90,217.16 2 0
microdashboard/internal/dashboard/dashboard.go:217.16,219.3 1 0
microdashboard/internal/dashboard/dashboard.go:220.2,220.25 1 0
microdashboard/internal/dashboard/dashboard.go:220.25,222.3 1 0
microdashboard/internal/dashboard/dashboard.go:223.2,226.50 4 0
microdashboard/internal/dashboard/dashboard.go:226.50,228.3 1 0
microdashboard/internal/dashboard/dashboard.go:228.8,228.34 1 0
microdashboard/internal/dashboard/dashboard.go:228.34,230.3 1 0
microdashboard/internal/dashboard/dashboard.go:231.2,231.31 1 0
microdashboard/internal/dashboard/dashboard.go:234.86,237.21 2 0
microdashboard/internal/dashboard/dashboard.go:237.21,239.3 1 0
microdashboard/internal/dashboard/dashboard.go:240.2,245.37 4 0
microdashboard/internal/dashboard/dashboard.go:245.37,247.3 1 0
microdashboard/internal/dashboard/dashboard.go:248.2,254.29 4 0
microdashboard/internal/store/store.go:16.31,18.16 2 1
microdashboard/internal/store/store.go:18.16,20.3 1 0
microdashboard/internal/store/store.go:21.2,21.23 1 1
microdashboard/internal/store/store.go:24.25,26.2 1 1
microdashboard/internal/store/store.go:30.30,32.2 1 0
microdashboard/internal/store/store.go:37.73,39.16 2 0
microdashboard/internal/store/store.go:39.16,41.3 1 0
microdashboard/internal/store/store.go:42.2,43.23 2 0
microdashboard/internal/store/store.go:46.33,89.4 5 1
microdashboard/internal/store/store.go:89.4,90.41 1 1
microdashboard/internal/store/store.go:90.41,92.4 1 0
microdashboard/internal/store/store.go:94.2,94.12 1 1
microdashboard/internal/store/store.go:99.86,101.24 2 1
microdashboard/internal/store/store.go:101.24,105.3 2 1
microdashboard/internal/store/store.go:106.2,108.12 2 0
microdashboard/internal/store/store.go:111.64,115.26 4 0
microdashboard/internal/store/store.go:115.26,117.3 1 0
microdashboard/internal/store/store.go:118.2,118.16 1 0
microdashboard/internal/store/store.go:118.16,120.3 1 0
microdashboard/internal/store/store.go:121.2,121.15 1 0
microdashboard/internal/store/store.go:125.64,129.26 4 0
microdashboard/internal/store/store.go:129.26,131.3 1 0
microdashboard/internal/store/store.go:132.2,132.16 1 0
microdashboard/internal/store/store.go:132.16,134.3 1 0
microdashboard/internal/store/store.go:135.2,135.15 1 0
microdashboard/internal/store/store.go:147.105,152.2 3 1
microdashboard/internal/store/store.go:154.64,158.26 4 0
microdashboard/internal/store/store.go:158.26,160.3 1 0
microdashboard/internal/store/store.go:161.2,161.16 1 0
microdashboard/internal/store/store.go:161.16,163.3 1 0
microdashboard/internal/store/store.go:164.2,164.15 1 0
microdashboard/internal/store/store.go:167.50,170.2 2 0
microdashboard/internal/store/store.go:184.74,189.2 3 1
microdashboard/internal/store/store.go:191.60,195.26 4 0
microdashboard/internal/store/store.go:195.26,197.3 1 0
microdashboard/internal/store/store.go:198.2,198.16 1 0
microdashboard/internal/store/store.go:198.16,200.3 1 0
microdashboard/internal/store/store.go:201.2,201.15 1 0
microdashboard/internal/store/store.go:204.56,206.16 2 0
microdashboard/internal/store/store.go:206.16,208.3 1 0
microdashboard/internal/store/store.go:209.2,211.18 3 0
microdashboard/internal/store/store.go:211.18,213.122 2 0
microdashboard/internal/store/store.go:213.122,215.4 1 0
microdashboard/internal/store/store.go:216.3,216.31 1 0
microdashboard/internal/store/store.go:218.2,218.21 1 0
microdashboard/internal/store/store.go:221.83,225.2 3 0
microdashboard/internal/store/store.go:239.97,244.2 3 0
microdashboard/internal/store/store.go:246.60,248.16 2 0
microdashboard/internal/store/store.go:248.16,250.3 1 0
microdashboard/internal/store/store.go:251.2,253.18 3 0
microdashboard/internal/store/store.go:253.18,255.121 2 0
microdashboard/internal/store/store.go:255.121,257.4 1 0
microdashboard/internal/store/store.go:258.3,258.31 1 0
microdashboard/internal/store/store.go:260.2,260.21 1 0
microdashboard/internal/store/store.go:263.85,268.16 2 0
microdashboard/internal/store/store.go:268.16,270.3 1 0
microdashboard/internal/store/store.go:271.2,273.18 3 0
microdashboard/internal/store/store.go:273.18,275.121 2 0
microdashboard/internal/store/store.go:275.121,277.4 1 0
microdashboard/internal/store/store.go:278.3,278.31 1 0
microdashboard/internal/store/store.go:280.2,280.21 1 0
microdashboard/internal/store/store.go:293.40,296.2 1 1
microdashboard/internal/store/store.go:310.62,312.16 2 1
microdashboard/internal/store/store.go:312.16,314.3 1 0
microdashboard/internal/store/store.go:315.2,318.18 3 1
microdashboard/internal/store/store.go:318.18,321.116 3 1
microdashboard/internal/store/store.go:321.116,323.4 1 0
microdashboard/internal/store/store.go:324.3,327.31 4 1
microdashboard/internal/store/store.go:329.2,329.21 1 1
microdashboard/internal/store/store.go:338.56,340.16 2 1
microdashboard/internal/store/store.go:340.16,342.3 1 0
microdashboard/internal/store/store.go:343.2,346.18 3 1
microdashboard/internal/store/store.go:346.18,348.78 2 1
microdashboard/internal/store/store.go:348.78,350.4 1 0
microdashboard/internal/store/store.go:351.3,351.31 1 1
microdashboard/internal/store/store.go:353.2,353.21 1 1
microdashboard/internal/store/store.go:356.53,359.2 2 0
microdashboard/internal/store/store.go:361.75,364.2 2 0
microdashboard/internal/store/store.go:376.58,378.16 2 1
microdashboard/internal/store/store.go:378.16,380.3 1 0
microdashboard/internal/store/store.go:381.2,384.18 3 1
microdashboard/internal/store/store.go:384.18,386.122 2 1
microdashboard/internal/store/store.go:386.122,388.4 1 0
microdashboard/internal/store/store.go:389.3,389.31 1 1
microdashboard/internal/store/store.go:391.2,391.21 1 1
microdashboard/internal/store/store.go:394.48,397.2 2 0
microdashboard/internal/ui/ui.go:22.89,24.103 1 1
microdashboard/internal/ui/ui.go:24.103,26.21 2 1
microdashboard/internal/ui/ui.go:26.21,29.4 2 0
microdashboard/internal/ui/ui.go:30.3,31.17 2 1
microdashboard/internal/ui/ui.go:31.17,34.4 2 0
microdashboard/internal/ui/ui.go:35.3,36.16 2 1
microdashboard/internal/ui/ui.go:40.2,65.87 17 1
microdashboard/internal/ui/ui.go:68.82,70.16 2 1
microdashboard/internal/ui/ui.go:70.16,73.3 2 0
microdashboard/internal/ui/ui.go:74.2,75.15 2 1
microdashboard/internal/ui/ui.go:78.57,79.36 1 1
microdashboard/internal/ui/ui.go:79.36,81.3 1 1
microdashboard/internal/ui/ui.go:81.8,81.44 1 1
microdashboard/internal/ui/ui.go:81.44,83.3 1 1
microdashboard/internal/ui/ui.go:83.8,83.45 1 0
microdashboard/internal/ui/ui.go:83.45,85.3 1 0
microdashboard/internal/ui/ui.go:85.8,85.45 1 0
microdashboard/internal/ui/ui.go:85.45,87.3 1 0
microdashboard/internal/ui/ui.go:92.58,93.75 1 1
microdashboard/internal/ui/ui.go:93.75,95.17 2 1
microdashboard/internal/ui/ui.go:95.17,98.4 2 0
microdashboard/internal/ui/ui.go:99.3,99.40 1 1
microdashboard/internal/ui/ui.go:103.60,104.75 1 1
microdashboard/internal/ui/ui.go:104.75,113.62 2 1
microdashboard/internal/ui/ui.go:113.62,116.4 2 0
microdashboard/internal/ui/ui.go:117.3,117.37 1 1
microdashboard/internal/ui/ui.go:117.37,120.4 2 0
microdashboard/internal/ui/ui.go:121.3,121.21 1 1
microdashboard/internal/ui/ui.go:121.21,121.40 1 0
microdashboard/internal/ui/ui.go:122.3,122.22 1 1
microdashboard/internal/ui/ui.go:122.22,122.41 1 0
microdashboard/internal/ui/ui.go:123.3,123.31 1 1
microdashboard/internal/ui/ui.go:123.31,123.62 1 0
microdashboard/internal/ui/ui.go:124.3,124.25 1 1
microdashboard/internal/ui/ui.go:124.25,124.64 1 0
microdashboard/internal/ui/ui.go:126.3,126.127 1 1
microdashboard/internal/ui/ui.go:126.127,129.4 2 0
microdashboard/internal/ui/ui.go:130.3,131.68 2 1
microdashboard/internal/ui/ui.go:135.57,136.75 1 1
microdashboard/internal/ui/ui.go:136.75,139.17 3 0
microdashboard/internal/ui/ui.go:139.17,142.4 2 0
microdashboard/internal/ui/ui.go:143.3,143.31 1 0
microdashboard/internal/ui/ui.go:147.60,148.75 1 1
microdashboard/internal/ui/ui.go:148.75,157.62 3 0
microdashboard/internal/ui/ui.go:157.62,160.4 2 0
microdashboard/internal/ui/ui.go:161.3,161.21 1 0
microdashboard/internal/ui/ui.go:161.21,161.40 1 0
microdashboard/internal/ui/ui.go:162.3,162.22 1 0
microdashboard/internal/ui/ui.go:162.22,162.41 1 0
microdashboard/internal/ui/ui.go:163.3,163.31 1 0
microdashboard/internal/ui/ui.go:163.31,163.62 1 0
microdashboard/internal/ui/ui.go:164.3,164.25 1 0
microdashboard/internal/ui/ui.go:164.25,164.64 1 0
microdashboard/internal/ui/ui.go:166.3,166.123 1 0
microdashboard/internal/ui/ui.go:166.123,169.4 2 0
microdashboard/internal/ui/ui.go:170.3,170.68 1 0
microdashboard/internal/ui/ui.go:174.60,175.75 1 1
microdashboard/internal/ui/ui.go:175.75,177.48 2 0
microdashboard/internal/ui/ui.go:177.48,180.4 2 0
microdashboard/internal/ui/ui.go:181.3,181.21 1 0
microdashboard/internal/ui/ui.go:185.60,186.75 1 1
microdashboard/internal/ui/ui.go:186.75,189.17 3 0
microdashboard/internal/ui/ui.go:189.17,192.4 2 0
microdashboard/internal/ui/ui.go:193.3,203.17 10 0
microdashboard/internal/ui/ui.go:203.17,206.4 2 0
microdashboard/internal/ui/ui.go:207.3,208.38 2 0
microdashboard/internal/ui/ui.go:213.55,214.75 1 1
microdashboard/internal/ui/ui.go:214.75,216.17 2 1
microdashboard/internal/ui/ui.go:216.17,219.4 2 0
microdashboard/internal/ui/ui.go:220.3,220.37 1 1
microdashboard/internal/ui/ui.go:224.57,225.75 1 1
microdashboard/internal/ui/ui.go:225.75,231.62 2 1
microdashboard/internal/ui/ui.go:231.62,234.4 2 0
microdashboard/internal/ui/ui.go:235.3,235.45 1 1
microdashboard/internal/ui/ui.go:235.45,238.4 2 0
microdashboard/internal/ui/ui.go:239.3,240.28 2 1
microdashboard/internal/ui/ui.go:240.28,240.55 1 1
microdashboard/internal/ui/ui.go:241.3,241.73 1 1
microdashboard/internal/ui/ui.go:241.73,244.4 2 0
microdashboard/internal/ui/ui.go:245.3,246.68 2 1
microdashboard/internal/ui/ui.go:250.57,251.75 1 1
microdashboard/internal/ui/ui.go:251.75,253.45 2 0
microdashboard/internal/ui/ui.go:253.45,256.4 2 0
microdashboard/internal/ui/ui.go:257.3,257.21 1 0
microdashboard/internal/ui/ui.go:261.66,262.75 1 1
microdashboard/internal/ui/ui.go:262.75,267.62 3 0
microdashboard/internal/ui/ui.go:267.62,270.4 2 0
microdashboard/internal/ui/ui.go:271.3,271.71 1 0
microdashboard/internal/ui/ui.go:271.71,274.4 2 0
microdashboard/internal/ui/ui.go:275.3,275.68 1 0
microdashboard/internal/ui/ui.go:280.56,281.75 1 1
microdashboard/internal/ui/ui.go:281.75,283.17 2 1
microdashboard/internal/ui/ui.go:283.17,286.4 2 0
microdashboard/internal/ui/ui.go:287.3,287.38 1 1
microdashboard/internal/ui/ui.go:291.58,292.75 1 1
microdashboard/internal/ui/ui.go:292.75,299.62 2 1
microdashboard/internal/ui/ui.go:299.62,302.4 2 0
microdashboard/internal/ui/ui.go:303.3,303.36 1 1
microdashboard/internal/ui/ui.go:303.36,306.4 2 0
microdashboard/internal/ui/ui.go:307.3,307.23 1 1
microdashboard/internal/ui/ui.go:307.23,307.45 1 0
microdashboard/internal/ui/ui.go:308.3,308.23 1 1
microdashboard/internal/ui/ui.go:308.23,308.45 1 0
microdashboard/internal/ui/ui.go:309.3,309.84 1 1
microdashboard/internal/ui/ui.go:309.84,312.4 2 0
microdashboard/internal/ui/ui.go:313.3,314.68 2 1
microdashboard/internal/ui/ui.go:318.58,319.75 1 1
microdashboard/internal/ui/ui.go:319.75,321.46 2 0
microdashboard/internal/ui/ui.go:321.46,324.4 2 0
microdashboard/internal/ui/ui.go:325.3,325.21 1 0
microdashboard/internal/ui/ui.go:330.59,331.75 1 1
microdashboard/internal/ui/ui.go:331.75,336.3 1 0
microdashboard/internal/ui/ui.go:339.62,340.75 1 1
microdashboard/internal/ui/ui.go:340.75,342.3 1 0
microdashboard/internal/ui/ui.go:345.13,347.2 1 1
microdashboard/internal/dashboard/dashboard.go:68.44,69.16 1 1
microdashboard/internal/dashboard/dashboard.go:69.16,71.3 1 1
microdashboard/internal/dashboard/dashboard.go:72.2,72.18 1 1
microdashboard/internal/dashboard/dashboard.go:72.18,74.3 1 1
microdashboard/internal/dashboard/dashboard.go:75.2,75.18 1 1
microdashboard/internal/dashboard/dashboard.go:75.18,77.3 1 1
microdashboard/internal/dashboard/dashboard.go:78.2,78.19 1 1
microdashboard/internal/dashboard/dashboard.go:78.19,80.3 1 1
microdashboard/internal/dashboard/dashboard.go:81.2,81.28 1 1
microdashboard/internal/dashboard/dashboard.go:81.28,83.3 1 1
microdashboard/internal/dashboard/dashboard.go:84.2,84.25 1 1
microdashboard/internal/dashboard/dashboard.go:84.25,86.3 1 1
microdashboard/internal/dashboard/dashboard.go:87.2,87.30 1 1
microdashboard/internal/dashboard/dashboard.go:87.30,88.17 1 1
microdashboard/internal/dashboard/dashboard.go:88.17,90.4 1 0
microdashboard/internal/dashboard/dashboard.go:91.3,91.32 1 1
microdashboard/internal/dashboard/dashboard.go:91.32,93.4 1 1
microdashboard/internal/dashboard/dashboard.go:94.3,94.25 1 1
microdashboard/internal/dashboard/dashboard.go:94.25,96.4 1 1
microdashboard/internal/dashboard/dashboard.go:98.3,98.43 1 1
microdashboard/internal/dashboard/dashboard.go:98.43,100.4 1 1
microdashboard/internal/dashboard/dashboard.go:102.2,102.12 1 1
microdashboard/internal/dashboard/dashboard.go:106.75,116.30 2 1
microdashboard/internal/dashboard/dashboard.go:116.30,118.17 2 1
microdashboard/internal/dashboard/dashboard.go:118.17,132.12 2 1
microdashboard/internal/dashboard/dashboard.go:134.3,145.4 1 1
microdashboard/internal/dashboard/dashboard.go:147.2,147.22 1 1
microdashboard/internal/dashboard/dashboard.go:159.92,161.23 2 1
microdashboard/internal/dashboard/dashboard.go:161.23,163.3 1 1
microdashboard/internal/dashboard/dashboard.go:166.2,170.32 4 1
microdashboard/internal/dashboard/dashboard.go:170.32,175.22 4 1
microdashboard/internal/dashboard/dashboard.go:175.22,176.12 1 0
microdashboard/internal/dashboard/dashboard.go:179.3,187.17 7 1
microdashboard/internal/dashboard/dashboard.go:188.18,189.59 1 1
microdashboard/internal/dashboard/dashboard.go:190.17,191.58 1 1
microdashboard/internal/dashboard/dashboard.go:192.11,193.50 1 0
microdashboard/internal/dashboard/dashboard.go:196.3,196.17 1 1
microdashboard/internal/dashboard/dashboard.go:196.17,198.4 1 1
microdashboard/internal/dashboard/dashboard.go:201.3,205.23 3 1
microdashboard/internal/dashboard/dashboard.go:205.23,207.4 1 1
microdashboard/internal/dashboard/dashboard.go:207.9,207.55 1 1
microdashboard/internal/dashboard/dashboard.go:207.55,209.4 1 1
microdashboard/internal/dashboard/dashboard.go:212.2,212.42 1 1
microdashboard/internal/dashboard/dashboard.go:215.90,217.16 2 1
microdashboard/internal/dashboard/dashboard.go:217.16,219.3 1 1
microdashboard/internal/dashboard/dashboard.go:220.2,220.25 1 1
microdashboard/internal/dashboard/dashboard.go:220.25,222.3 1 1
microdashboard/internal/dashboard/dashboard.go:223.2,226.50 4 1
microdashboard/internal/dashboard/dashboard.go:226.50,228.3 1 1
microdashboard/internal/dashboard/dashboard.go:228.8,228.34 1 1
microdashboard/internal/dashboard/dashboard.go:228.34,230.3 1 1
microdashboard/internal/dashboard/dashboard.go:231.2,231.31 1 1
microdashboard/internal/dashboard/dashboard.go:234.86,237.21 2 1
microdashboard/internal/dashboard/dashboard.go:237.21,239.3 1 1
microdashboard/internal/dashboard/dashboard.go:240.2,245.37 4 1
microdashboard/internal/dashboard/dashboard.go:245.37,247.3 1 1
microdashboard/internal/dashboard/dashboard.go:248.2,254.29 4 1
microdashboard/internal/store/store.go:16.31,18.16 2 1
microdashboard/internal/store/store.go:18.16,20.3 1 0
microdashboard/internal/store/store.go:21.2,21.23 1 1
microdashboard/internal/store/store.go:24.25,26.2 1 1
microdashboard/internal/store/store.go:30.30,32.2 1 0
microdashboard/internal/store/store.go:37.73,39.16 2 0
microdashboard/internal/store/store.go:39.16,41.3 1 0
microdashboard/internal/store/store.go:42.2,43.23 2 0
microdashboard/internal/store/store.go:46.33,89.4 5 1
microdashboard/internal/store/store.go:89.4,90.41 1 1
microdashboard/internal/store/store.go:90.41,92.4 1 0
microdashboard/internal/store/store.go:94.2,94.12 1 1
microdashboard/internal/store/store.go:99.86,101.24 2 1
microdashboard/internal/store/store.go:101.24,105.3 2 0
microdashboard/internal/store/store.go:106.2,108.12 2 1
microdashboard/internal/store/store.go:111.64,115.26 4 0
microdashboard/internal/store/store.go:115.26,117.3 1 0
microdashboard/internal/store/store.go:118.2,118.16 1 0
microdashboard/internal/store/store.go:118.16,120.3 1 0
microdashboard/internal/store/store.go:121.2,121.15 1 0
microdashboard/internal/store/store.go:125.64,129.26 4 0
microdashboard/internal/store/store.go:129.26,131.3 1 0
microdashboard/internal/store/store.go:132.2,132.16 1 0
microdashboard/internal/store/store.go:132.16,134.3 1 0
microdashboard/internal/store/store.go:135.2,135.15 1 0
microdashboard/internal/store/store.go:147.105,152.2 3 0
microdashboard/internal/store/store.go:154.64,158.26 4 0
microdashboard/internal/store/store.go:158.26,160.3 1 0
microdashboard/internal/store/store.go:161.2,161.16 1 0
microdashboard/internal/store/store.go:161.16,163.3 1 0
microdashboard/internal/store/store.go:164.2,164.15 1 0
microdashboard/internal/store/store.go:167.50,170.2 2 0
microdashboard/internal/store/store.go:184.74,189.2 3 1
microdashboard/internal/store/store.go:191.60,195.26 4 1
microdashboard/internal/store/store.go:195.26,197.3 1 1
microdashboard/internal/store/store.go:198.2,198.16 1 1
microdashboard/internal/store/store.go:198.16,200.3 1 0
microdashboard/internal/store/store.go:201.2,201.15 1 1
microdashboard/internal/store/store.go:204.56,206.16 2 0
microdashboard/internal/store/store.go:206.16,208.3 1 0
microdashboard/internal/store/store.go:209.2,211.18 3 0
microdashboard/internal/store/store.go:211.18,213.122 2 0
microdashboard/internal/store/store.go:213.122,215.4 1 0
microdashboard/internal/store/store.go:216.3,216.31 1 0
microdashboard/internal/store/store.go:218.2,218.21 1 0
microdashboard/internal/store/store.go:221.83,225.2 3 1
microdashboard/internal/store/store.go:239.97,244.2 3 1
microdashboard/internal/store/store.go:246.60,248.16 2 0
microdashboard/internal/store/store.go:248.16,250.3 1 0
microdashboard/internal/store/store.go:251.2,253.18 3 0
microdashboard/internal/store/store.go:253.18,255.121 2 0
microdashboard/internal/store/store.go:255.121,257.4 1 0
microdashboard/internal/store/store.go:258.3,258.31 1 0
microdashboard/internal/store/store.go:260.2,260.21 1 0
microdashboard/internal/store/store.go:263.85,268.16 2 1
microdashboard/internal/store/store.go:268.16,270.3 1 0
microdashboard/internal/store/store.go:271.2,273.18 3 1
microdashboard/internal/store/store.go:273.18,275.121 2 1
microdashboard/internal/store/store.go:275.121,277.4 1 0
microdashboard/internal/store/store.go:278.3,278.31 1 1
microdashboard/internal/store/store.go:280.2,280.21 1 1
microdashboard/internal/store/store.go:293.40,296.2 1 0
microdashboard/internal/store/store.go:310.62,312.16 2 0
microdashboard/internal/store/store.go:312.16,314.3 1 0
microdashboard/internal/store/store.go:315.2,318.18 3 0
microdashboard/internal/store/store.go:318.18,321.116 3 0
microdashboard/internal/store/store.go:321.116,323.4 1 0
microdashboard/internal/store/store.go:324.3,327.31 4 0
microdashboard/internal/store/store.go:329.2,329.21 1 0
microdashboard/internal/store/store.go:338.56,340.16 2 0
microdashboard/internal/store/store.go:340.16,342.3 1 0
microdashboard/internal/store/store.go:343.2,346.18 3 0
microdashboard/internal/store/store.go:346.18,348.78 2 0
microdashboard/internal/store/store.go:348.78,350.4 1 0
microdashboard/internal/store/store.go:351.3,351.31 1 0
microdashboard/internal/store/store.go:353.2,353.21 1 0
microdashboard/internal/store/store.go:356.53,359.2 2 0
microdashboard/internal/store/store.go:361.75,364.2 2 0
microdashboard/internal/store/store.go:376.58,378.16 2 0
microdashboard/internal/store/store.go:378.16,380.3 1 0
microdashboard/internal/store/store.go:381.2,384.18 3 0
microdashboard/internal/store/store.go:384.18,386.122 2 0
microdashboard/internal/store/store.go:386.122,388.4 1 0
microdashboard/internal/store/store.go:389.3,389.31 1 0
microdashboard/internal/store/store.go:391.2,391.21 1 0
microdashboard/internal/store/store.go:394.48,397.2 2 0
